// Jest Snapshot v1, https://goo.gl/fbAQLP

exports[`Renders Edit Account With the Loading Screen 1`] = `
<View
  style={
    Object {
      "alignItems": "center",
      "backgroundColor": "#fff",
      "flex": 1,
      "justifyContent": "center",
    }
  }
>
  <View
    style={
      Object {
        "flex": 1,
        "paddingHorizontal": "2%",
        "paddingTop": "2%",
        "width": "100%",
      }
    }
  >
    <View
      style={
        Object {
          "padding": "10%",
        }
      }
    >
      <Image
        source={1}
        style={
          Object {
            "alignItems": "center",
            "aspectRatio": 1,
            "borderRadius": 100,
            "height": null,
            "justifyContent": "center",
            "marginBottom": "5%",
            "marginHorizontal": "15%",
            "width": null,
          }
        }
      />
      <View
        style={
          Array [
            Object {
              "borderRadius": 3,
              "overflow": "hidden",
            },
            Object {
              "borderRadius": 3,
            },
            undefined,
            false,
          ]
        }
      >
        <View
          accessibilityRole="button"
          accessibilityState={
            Object {
              "busy": false,
              "disabled": false,
            }
          }
          accessible={true}
          focusable={true}
          onClick={[Function]}
          onResponderGrant={[Function]}
          onResponderMove={[Function]}
          onResponderRelease={[Function]}
          onResponderTerminate={[Function]}
          onResponderTerminationRequest={[Function]}
          onStartShouldSetResponder={[Function]}
          style={
            Object {
              "opacity": 1,
            }
          }
        >
          <View
            style={
              Object {
                "alignItems": "center",
                "backgroundColor": "#00A89D",
                "borderColor": "#2089dc",
                "borderRadius": 3,
                "borderWidth": 0,
                "flexDirection": "row",
                "justifyContent": "center",
                "marginBottom": "2%",
                "padding": 8,
              }
            }
          >
            <Text
              style={
                Object {
                  "color": "#000",
                  "fontSize": 18,
                  "paddingVertical": 1,
                  "textAlign": "center",
                }
              }
            >
              Change profile picture
            </Text>
          </View>
        </View>
      </View>
      <View
        style={
          Object {
            "marginVertical": "2%",
          }
        }
      >
        <TextInput
          allowFontScaling={true}
          collapsable={false}
          onChangeText={[Function]}
          onGestureHandlerEvent={[Function]}
          onGestureHandlerStateChange={[Function]}
          placeholder="name"
          placeholderTextColor="#000"
          rejectResponderTermination={true}
          style={
            Object {
              "backgroundColor": "#00A89D",
              "borderRadius": 30,
              "marginBottom": "2%",
              "paddingHorizontal": "5%",
              "paddingVertical": "2%",
            }
          }
          textAlign="center"
          underlineColorAndroid="transparent"
        />
        <TextInput
          allowFontScaling={true}
          collapsable={false}
          onChangeText={[Function]}
          onGestureHandlerEvent={[Function]}
          onGestureHandlerStateChange={[Function]}
          placeholder="username"
          placeholderTextColor="#000"
          rejectResponderTermination={true}
          style={
            Object {
              "backgroundColor": "#00A89D",
              "borderRadius": 30,
              "marginBottom": "2%",
              "paddingHorizontal": "5%",
              "paddingVertical": "2%",
            }
          }
          textAlign="center"
          underlineColorAndroid="transparent"
        />
        <TextInput
          allowFontScaling={true}
          collapsable={false}
          onChangeText={[Function]}
          onGestureHandlerEvent={[Function]}
          onGestureHandlerStateChange={[Function]}
          placeholder="email"
          placeholderTextColor="#000"
          rejectResponderTermination={true}
          style={
            Object {
              "backgroundColor": "#00A89D",
              "borderRadius": 30,
              "marginBottom": "2%",
              "paddingHorizontal": "5%",
              "paddingVertical": "2%",
            }
          }
          textAlign="center"
          underlineColorAndroid="transparent"
        />
      </View>
      <View
        style={
          Array [
            Object {
              "borderRadius": 3,
              "overflow": "hidden",
            },
            Object {
              "borderRadius": 3,
            },
            undefined,
            false,
          ]
        }
      >
        <View
          accessibilityRole="button"
          accessibilityState={
            Object {
              "busy": false,
              "disabled": false,
            }
          }
          accessible={true}
          focusable={true}
          onClick={[Function]}
          onResponderGrant={[Function]}
          onResponderMove={[Function]}
          onResponderRelease={[Function]}
          onResponderTerminate={[Function]}
          onResponderTerminationRequest={[Function]}
          onStartShouldSetResponder={[Function]}
          style={
            Object {
              "opacity": 1,
            }
          }
        >
          <View
            style={
              Object {
                "alignItems": "center",
                "backgroundColor": "#00A89D",
                "borderColor": "#2089dc",
                "borderRadius": 3,
                "borderWidth": 0,
                "flexDirection": "row",
                "justifyContent": "center",
                "marginBottom": "2%",
                "padding": 8,
              }
            }
          >
            <Text
              style={
                Object {
                  "color": "#000",
                  "fontSize": 18,
                  "paddingVertical": 1,
                  "textAlign": "center",
                }
              }
            >
              Change password
            </Text>
          </View>
        </View>
      </View>
      <View
        style={
          Array [
            Object {
              "borderRadius": 3,
              "overflow": "hidden",
            },
            Object {
              "borderRadius": 3,
            },
            undefined,
            false,
          ]
        }
      >
        <View
          accessibilityRole="button"
          accessibilityState={
            Object {
              "busy": false,
              "disabled": false,
            }
          }
          accessible={true}
          focusable={true}
          onClick={[Function]}
          onResponderGrant={[Function]}
          onResponderMove={[Function]}
          onResponderRelease={[Function]}
          onResponderTerminate={[Function]}
          onResponderTerminationRequest={[Function]}
          onStartShouldSetResponder={[Function]}
          style={
            Object {
              "opacity": 1,
            }
          }
        >
          <View
            style={
              Object {
                "alignItems": "center",
                "backgroundColor": "#00A89D",
                "borderColor": "#2089dc",
                "borderRadius": 3,
                "borderWidth": 0,
                "flexDirection": "row",
                "justifyContent": "center",
                "marginBottom": "2%",
                "padding": 8,
              }
            }
          >
            <Text
              style={
                Object {
                  "color": "#000",
                  "fontSize": 18,
                  "paddingVertical": 1,
                  "textAlign": "center",
                }
              }
            >
              Update profile information
            </Text>
          </View>
        </View>
      </View>
      <View
        style={
          Array [
            Object {
              "borderRadius": 3,
              "overflow": "hidden",
            },
            Object {
              "borderRadius": 3,
            },
            undefined,
            false,
          ]
        }
      >
        <View
          accessibilityRole="button"
          accessibilityState={
            Object {
              "busy": false,
              "disabled": false,
            }
          }
          accessible={true}
          focusable={true}
          onClick={[Function]}
          onResponderGrant={[Function]}
          onResponderMove={[Function]}
          onResponderRelease={[Function]}
          onResponderTerminate={[Function]}
          onResponderTerminationRequest={[Function]}
          onStartShouldSetResponder={[Function]}
          style={
            Object {
              "opacity": 1,
            }
          }
        >
          <View
            style={
              Object {
                "alignItems": "center",
                "backgroundColor": "#00A89D",
                "borderColor": "#2089dc",
                "borderRadius": 3,
                "borderWidth": 0,
                "flexDirection": "row",
                "justifyContent": "center",
                "marginBottom": "2%",
                "padding": 8,
              }
            }
          >
            <Text
              style={
                Object {
                  "color": "#000",
                  "fontSize": 18,
                  "paddingVertical": 1,
                  "textAlign": "center",
                }
              }
            >
              Delete Account
            </Text>
          </View>
        </View>
      </View>
    </View>
  </View>
</View>
`;

exports[`Renders Edit Account Without the Loading Screen 1`] = `
<View
  style={
    Object {
      "alignItems": "center",
      "backgroundColor": "#fff",
      "flex": 1,
      "justifyContent": "center",
    }
  }
>
  <View
    style={
      Object {
        "flex": 1,
        "paddingHorizontal": "2%",
        "paddingTop": "2%",
        "width": "100%",
      }
    }
  >
    <View
      style={
        Object {
          "padding": "10%",
        }
      }
    >
      <Image
        source={1}
        style={
          Object {
            "alignItems": "center",
            "aspectRatio": 1,
            "borderRadius": 100,
            "height": null,
            "justifyContent": "center",
            "marginBottom": "5%",
            "marginHorizontal": "15%",
            "width": null,
          }
        }
      />
      <View
        style={
          Array [
            Object {
              "borderRadius": 3,
              "overflow": "hidden",
            },
            Object {
              "borderRadius": 3,
            },
            undefined,
            false,
          ]
        }
      >
        <View
          accessibilityRole="button"
          accessibilityState={
            Object {
              "busy": false,
              "disabled": false,
            }
          }
          accessible={true}
          focusable={true}
          onClick={[Function]}
          onResponderGrant={[Function]}
          onResponderMove={[Function]}
          onResponderRelease={[Function]}
          onResponderTerminate={[Function]}
          onResponderTerminationRequest={[Function]}
          onStartShouldSetResponder={[Function]}
          style={
            Object {
              "opacity": 1,
            }
          }
        >
          <View
            style={
              Object {
                "alignItems": "center",
                "backgroundColor": "#00A89D",
                "borderColor": "#2089dc",
                "borderRadius": 3,
                "borderWidth": 0,
                "flexDirection": "row",
                "justifyContent": "center",
                "marginBottom": "2%",
                "padding": 8,
              }
            }
          >
            <Text
              style={
                Object {
                  "color": "#000",
                  "fontSize": 18,
                  "paddingVertical": 1,
                  "textAlign": "center",
                }
              }
            >
              Change profile picture
            </Text>
          </View>
        </View>
      </View>
      <View
        style={
          Object {
            "marginVertical": "2%",
          }
        }
      >
        <TextInput
          allowFontScaling={true}
          collapsable={false}
          onChangeText={[Function]}
          onGestureHandlerEvent={[Function]}
          onGestureHandlerStateChange={[Function]}
          placeholder="name"
          placeholderTextColor="#000"
          rejectResponderTermination={true}
          style={
            Object {
              "backgroundColor": "#00A89D",
              "borderRadius": 30,
              "marginBottom": "2%",
              "paddingHorizontal": "5%",
              "paddingVertical": "2%",
            }
          }
          textAlign="center"
          underlineColorAndroid="transparent"
        />
        <TextInput
          allowFontScaling={true}
          collapsable={false}
          onChangeText={[Function]}
          onGestureHandlerEvent={[Function]}
          onGestureHandlerStateChange={[Function]}
          placeholder="username"
          placeholderTextColor="#000"
          rejectResponderTermination={true}
          style={
            Object {
              "backgroundColor": "#00A89D",
              "borderRadius": 30,
              "marginBottom": "2%",
              "paddingHorizontal": "5%",
              "paddingVertical": "2%",
            }
          }
          textAlign="center"
          underlineColorAndroid="transparent"
        />
        <TextInput
          allowFontScaling={true}
          collapsable={false}
          onChangeText={[Function]}
          onGestureHandlerEvent={[Function]}
          onGestureHandlerStateChange={[Function]}
          placeholder="email"
          placeholderTextColor="#000"
          rejectResponderTermination={true}
          style={
            Object {
              "backgroundColor": "#00A89D",
              "borderRadius": 30,
              "marginBottom": "2%",
              "paddingHorizontal": "5%",
              "paddingVertical": "2%",
            }
          }
          textAlign="center"
          underlineColorAndroid="transparent"
        />
      </View>
      <View
        style={
          Array [
            Object {
              "borderRadius": 3,
              "overflow": "hidden",
            },
            Object {
              "borderRadius": 3,
            },
            undefined,
            false,
          ]
        }
      >
        <View
          accessibilityRole="button"
          accessibilityState={
            Object {
              "busy": false,
              "disabled": false,
            }
          }
          accessible={true}
          focusable={true}
          onClick={[Function]}
          onResponderGrant={[Function]}
          onResponderMove={[Function]}
          onResponderRelease={[Function]}
          onResponderTerminate={[Function]}
          onResponderTerminationRequest={[Function]}
          onStartShouldSetResponder={[Function]}
          style={
            Object {
              "opacity": 1,
            }
          }
        >
          <View
            style={
              Object {
                "alignItems": "center",
                "backgroundColor": "#00A89D",
                "borderColor": "#2089dc",
                "borderRadius": 3,
                "borderWidth": 0,
                "flexDirection": "row",
                "justifyContent": "center",
                "marginBottom": "2%",
                "padding": 8,
              }
            }
          >
            <Text
              style={
                Object {
                  "color": "#000",
                  "fontSize": 18,
                  "paddingVertical": 1,
                  "textAlign": "center",
                }
              }
            >
              Change password
            </Text>
          </View>
        </View>
      </View>
      <View
        style={
          Array [
            Object {
              "borderRadius": 3,
              "overflow": "hidden",
            },
            Object {
              "borderRadius": 3,
            },
            undefined,
            false,
          ]
        }
      >
        <View
          accessibilityRole="button"
          accessibilityState={
            Object {
              "busy": false,
              "disabled": false,
            }
          }
          accessible={true}
          focusable={true}
          onClick={[Function]}
          onResponderGrant={[Function]}
          onResponderMove={[Function]}
          onResponderRelease={[Function]}
          onResponderTerminate={[Function]}
          onResponderTerminationRequest={[Function]}
          onStartShouldSetResponder={[Function]}
          style={
            Object {
              "opacity": 1,
            }
          }
        >
          <View
            style={
              Object {
                "alignItems": "center",
                "backgroundColor": "#00A89D",
                "borderColor": "#2089dc",
                "borderRadius": 3,
                "borderWidth": 0,
                "flexDirection": "row",
                "justifyContent": "center",
                "marginBottom": "2%",
                "padding": 8,
              }
            }
          >
            <Text
              style={
                Object {
                  "color": "#000",
                  "fontSize": 18,
                  "paddingVertical": 1,
                  "textAlign": "center",
                }
              }
            >
              Update profile information
            </Text>
          </View>
        </View>
      </View>
      <View
        style={
          Array [
            Object {
              "borderRadius": 3,
              "overflow": "hidden",
            },
            Object {
              "borderRadius": 3,
            },
            undefined,
            false,
          ]
        }
      >
        <View
          accessibilityRole="button"
          accessibilityState={
            Object {
              "busy": false,
              "disabled": false,
            }
          }
          accessible={true}
          focusable={true}
          onClick={[Function]}
          onResponderGrant={[Function]}
          onResponderMove={[Function]}
          onResponderRelease={[Function]}
          onResponderTerminate={[Function]}
          onResponderTerminationRequest={[Function]}
          onStartShouldSetResponder={[Function]}
          style={
            Object {
              "opacity": 1,
            }
          }
        >
          <View
            style={
              Object {
                "alignItems": "center",
                "backgroundColor": "#00A89D",
                "borderColor": "#2089dc",
                "borderRadius": 3,
                "borderWidth": 0,
                "flexDirection": "row",
                "justifyContent": "center",
                "marginBottom": "2%",
                "padding": 8,
              }
            }
          >
            <Text
              style={
                Object {
                  "color": "#000",
                  "fontSize": 18,
                  "paddingVertical": 1,
                  "textAlign": "center",
                }
              }
            >
              Delete Account
            </Text>
          </View>
        </View>
      </View>
    </View>
  </View>
</View>
`;
